
Allocating common symbols
Common symbol       size              file

netbufpool          0x4               binaries/net.o
tmp                 0x4               binaries/registers.o
readylist           0x2               binaries/ready.o
rfltab              0x5a0             binaries/rflinit.o
sleepq              0x2               binaries/clkinit.o
PAGE_SERVER_STATUS  0x1               binaries/initialize.o
nnames              0x4               binaries/naminit.o
udptab              0x168             binaries/udp.o
minheap             0x4               binaries/meminit.o
marks               0x50              binaries/mark.o
currpid             0x4               binaries/initialize.o
Lf_data             0x20c             binaries/lfsinit.o
porttab             0x2d0             binaries/ptinit.o
girmask             0x2               binaries/evec.o
ttytab              0x10c             binaries/ttyinit.o
bs_sem              0x4               binaries/psinit.o
proctab             0x1f40            binaries/initialize.o
prcount             0x4               binaries/initialize.o
gca_head            0x4               binaries/initialize.o
freeframes          0x4               binaries/initialize.o
lfltab              0xf00             binaries/lflinit.o
rdstab              0x8c              binaries/rdsinit.o
ethertab            0x138             binaries/ethinit.o
NetData             0xa8              binaries/net.o
nmarks              0x4               binaries/mark.o
fifo_head           0x4               binaries/initialize.o
Defer               0x8               binaries/resched.o
semtab              0x4b0             binaries/initialize.o
maxheap             0x4               binaries/meminit.o
preempt             0x4               binaries/clkinit.o
buftab              0xf0              binaries/bufinit.o
Rf_data             0x18              binaries/rfsinit.o
mkmutex             0x4               binaries/mark.o
bstab               0xc0              binaries/psinit.o
clktime             0x4               binaries/clkinit.o
arpcache            0x140             binaries/arp.o
icmptab             0x230             binaries/icmp.o
nbpools             0x4               binaries/bufinit.o
pagefaults          0x4               binaries/initialize.o
queuetab            0x980             binaries/queue.o
policy              0x4               binaries/initialize.o
ptnextid            0x4               binaries/ptinit.o
Ram                 0x19000           binaries/raminit.o
ipoqueue            0x2c              binaries/ip.o
bs_init_sem         0x4               binaries/initialize.o
memlist             0x8               binaries/initialize.o
nametab             0x19a0            binaries/naminit.o
ptfree              0x4               binaries/ptinit.o
frametab            0xe10             binaries/initialize.o

Memory Configuration

Name             Origin             Length             Attributes
*default*        0x0000000000000000 0xffffffffffffffff

Linker script and memory map

                0x0000000000100000                physbase = 0x100000
                0x0000000000100000                . = physbase
                0x0000000000100000                . = ALIGN (0x1000)

.text           0x0000000000100000    0x16000
                0x0000000000100000                text = ABSOLUTE (.)
 *(.text .text.*)
 .text          0x0000000000100000      0x14c binaries/start.o
                0x0000000000100028                start
                0x000000000010009a                inb
                0x00000000001000a2                inw
                0x00000000001000ab                inl
                0x00000000001000b3                outb
                0x00000000001000bd                outw
                0x00000000001000c8                outl
                0x00000000001000d2                _rtcin
                0x00000000001000dd                ___udivsi3
                0x00000000001000e8                ___divsi3
                0x00000000001000f4                sbzero
                0x0000000000100104                bcopy
                0x0000000000100118                insw
                0x000000000010012e                outsw
                0x0000000000100144                lidt
 .text          0x000000000010014c      0x2d8 binaries/ascdate.o
                0x000000000010014c                ascdate
 .text          0x0000000000100424      0x328 binaries/bs_map.o
                0x0000000000100424                bs_map_lookup
                0x0000000000100513                add_bs_mapping
                0x00000000001005e2                drop_bs_mapping_process
                0x000000000010065c                frame_map_lookup
 .text          0x000000000010074c       0x10 binaries/bufinit.o
                0x000000000010074c                bufinit
 .text          0x000000000010075c       0x65 binaries/chprio.o
                0x000000000010075c                chprio
 .text          0x00000000001007c1       0x7e binaries/clkhandler.o
                0x00000000001007c1                clkhandler
 .text          0x000000000010083f       0x63 binaries/clkinit.o
                0x000000000010083f                clkinit
 .text          0x00000000001008a2       0x56 binaries/close.o
                0x00000000001008a2                close
 .text          0x00000000001008f8        0x0 binaries/conf.o
 .text          0x00000000001008f8       0x5f binaries/control.o
                0x00000000001008f8                control
 .text          0x0000000000100957      0x235 binaries/create.o
                0x0000000000100957                create
 .text          0x0000000000100b8c      0x205 binaries/early_imr.o
                0x0000000000100b8c                intel_cln_early_sb_read_reg
                0x0000000000100be4                intel_cln_early_sb_write_reg
                0x0000000000100c93                remove_irm_protections
 .text          0x0000000000100d91      0x2d6 binaries/evec.o
                0x0000000000100d91                setirmask
                0x0000000000100dc5                set_evec
                0x0000000000100e21                initevec
                0x0000000000100ef0                trap
 .text          0x0000000000101067      0x75d binaries/frame.o
                0x0000000000101067                initialize_frame
                0x00000000001010b3                initialize_frames
                0x00000000001010f8                free_frame
                0x00000000001013d6                replace_fifo
                0x000000000010147e                replace_gca
                0x00000000001015ca                get_frame
                0x00000000001016e3                remove_pagetable_for_pid
                0x0000000000101735                remove_page_directory_for_pid
                0x0000000000101785                print_frame
                0x00000000001017a4                print_all_frames
 .text          0x00000000001017c4       0x78 binaries/freebuf.o
                0x00000000001017c4                freebuf
 .text          0x000000000010183c      0x106 binaries/freemem.o
                0x000000000010183c                freemem
 .text          0x0000000000101942        0x6 binaries/get_faults.o
                0x0000000000101942                get_faults
 .text          0x0000000000101948       0x65 binaries/getbuf.o
                0x0000000000101948                getbuf
 .text          0x00000000001019ad       0x56 binaries/getc.o
                0x00000000001019ad                getc
 .text          0x0000000000101a03       0x63 binaries/getdev.o
                0x0000000000101a03                getdev
 .text          0x0000000000101a66       0x77 binaries/getitem.o
                0x0000000000101a66                getitem
                0x0000000000101a92                getfirst
                0x0000000000101ab5                getlast
 .text          0x0000000000101add       0xc2 binaries/getmem.o
                0x0000000000101add                getmem
 .text          0x0000000000101b9f        0x6 binaries/getpid.o
                0x0000000000101b9f                getpid
 .text          0x0000000000101ba5       0x56 binaries/getprio.o
                0x0000000000101ba5                getprio
 .text          0x0000000000101bfb       0xa6 binaries/getstk.o
                0x0000000000101bfb                getstk
 .text          0x0000000000101ca1       0x34 binaries/gettime.o
                0x0000000000101ca1                gettime
 .text          0x0000000000101cd5      0x191 binaries/getutime.o
                0x0000000000101cd5                getutime
 .text          0x0000000000101e66        0x4 binaries/hooks.o
                0x0000000000101e66                hook_ptable_create
                0x0000000000101e67                hook_ptable_delete
                0x0000000000101e68                hook_pfault
                0x0000000000101e69                hook_pswap_out
 .text          0x0000000000101e6a       0x56 binaries/init.o
                0x0000000000101e6a                init
 .text          0x0000000000101ec0      0x327 binaries/initialize.o
                0x0000000000101ec0                nulluser
                0x00000000001021a2                stop
                0x00000000001021c4                delay
 .text          0x00000000001021e7       0x98 binaries/insert.o
                0x00000000001021e7                insert
 .text          0x000000000010227f       0xe1 binaries/insertd.o
                0x000000000010227f                insertd
 .text          0x0000000000102360        0x6 binaries/ioerr.o
                0x0000000000102360                ioerr
 .text          0x0000000000102366        0x6 binaries/ionull.o
                0x0000000000102366                ionull
 .text          0x000000000010236c      0x196 binaries/kill.o
                0x000000000010236c                kill
 .text          0x0000000000102502       0xb6 binaries/kprintf.o
                0x0000000000102502                kputc
                0x0000000000102531                console_init
                0x0000000000102563                kgetc
                0x0000000000102585                kprintf
 .text          0x00000000001025b8      0x209 binaries/main.o
                0x00000000001025b8                test_bonus
                0x0000000000102651                print_stats
                0x0000000000102681                main
 .text          0x00000000001027c1       0x93 binaries/mark.o
                0x00000000001027c1                markinit
                0x00000000001027de                mark
 .text          0x0000000000102854       0xa9 binaries/meminit.o
                0x0000000000102854                meminit
                0x0000000000102891                setsegs
 .text          0x00000000001028fd      0x12a binaries/mkbufpool.o
                0x00000000001028fd                mkbufpool
 .text          0x0000000000102a27       0x5e binaries/newqueue.o
                0x0000000000102a27                newqueue
 .text          0x0000000000102a85       0x5e binaries/open.o
                0x0000000000102a85                open
 .text          0x0000000000102ae3      0x1a0 binaries/page_directory.o
                0x0000000000102ae3                get_directory
                0x0000000000102bc7                free_directory
 .text          0x0000000000102c83      0x1b5 binaries/page_table.o
                0x0000000000102c83                get_page_table
                0x0000000000102d0b                initialize_global_pt
                0x0000000000102daf                initialize_device_pt
 .text          0x0000000000102e38      0x251 binaries/pagefault_handler.o
                0x0000000000102e38                pagefault_handler
 .text          0x0000000000103089       0x1e binaries/panic.o
                0x0000000000103089                panic
 .text          0x00000000001030a7      0x27c binaries/pci.o
                0x00000000001030a7                pci_init
                0x00000000001030ad                find_pci_device
                0x000000000010316b                pci_read_config_byte
                0x00000000001031a8                pci_read_config_word
                0x00000000001031e7                pci_read_config_dword
                0x0000000000103224                pci_write_config_byte
                0x000000000010325f                pci_write_config_word
                0x000000000010329b                pci_write_config_dword
                0x00000000001032d6                pci_get_dev_mmio_base_addr
 .text          0x0000000000103323       0x4f binaries/platinit.o
                0x0000000000103323                platinit
 .text          0x0000000000103372       0xa3 binaries/ptclear.o
                0x0000000000103372                _ptclear
 .text          0x0000000000103415       0x7c binaries/ptcount.o
                0x0000000000103415                ptcount
 .text          0x0000000000103491      0x101 binaries/ptcreate.o
                0x0000000000103491                ptcreate
 .text          0x0000000000103592       0x64 binaries/ptdelete.o
                0x0000000000103592                ptdelete
 .text          0x00000000001035f6       0x8e binaries/ptinit.o
                0x00000000001035f6                ptinit
 .text          0x0000000000103684       0xec binaries/ptrecv.o
                0x0000000000103684                ptrecv
 .text          0x0000000000103770       0x67 binaries/ptreset.o
                0x0000000000103770                ptreset
 .text          0x00000000001037d7      0x10d binaries/ptsend.o
                0x00000000001037d7                ptsend
 .text          0x00000000001038e4       0x5c binaries/putc.o
                0x00000000001038e4                putc
 .text          0x0000000000103940       0xb6 binaries/quark_irq.o
                0x0000000000103940                quark_irq_routing
 .text          0x00000000001039f6      0x19d binaries/quark_pdat.o
                0x00000000001039f6                get_quark_pdat_entry_data_by_id
                0x0000000000103ac3                get_quark_pdat_entry_data_by_desc
 .text          0x0000000000103b93       0xab binaries/queue.o
                0x0000000000103b93                enqueue
                0x0000000000103bf3                dequeue
 .text          0x0000000000103c3e       0x5e binaries/read.o
                0x0000000000103c3e                read
 .text          0x0000000000103c9c       0x63 binaries/ready.o
                0x0000000000103c9c                ready
 .text          0x0000000000103cff       0x5f binaries/receive.o
                0x0000000000103cff                receive
 .text          0x0000000000103d5e       0x4f binaries/recvclr.o
                0x0000000000103d5e                recvclr
 .text          0x0000000000103dad       0xb0 binaries/recvtime.o
                0x0000000000103dad                recvtime
 .text          0x0000000000103e5d      0x157 binaries/resched.o
                0x0000000000103e5d                resched
                0x0000000000103f41                resched_cntl
 .text          0x0000000000103fb4       0x77 binaries/resume.o
                0x0000000000103fb4                resume
 .text          0x000000000010402b       0x5a binaries/seek.o
                0x000000000010402b                seek
 .text          0x0000000000104085       0x4f binaries/semcount.o
                0x0000000000104085                semcount
 .text          0x00000000001040d4       0x8a binaries/semcreate.o
                0x00000000001040d4                semcreate
 .text          0x000000000010415e       0xc8 binaries/semdelete.o
                0x000000000010415e                semdelete
 .text          0x0000000000104226       0xa7 binaries/semreset.o
                0x0000000000104226                semreset
 .text          0x00000000001042cd       0xb7 binaries/send.o
                0x00000000001042cd                send
 .text          0x0000000000104384       0x95 binaries/signal.o
                0x0000000000104384                signal
 .text          0x0000000000104419       0xba binaries/signaln.o
                0x0000000000104419                signaln
 .text          0x00000000001044d3       0xc0 binaries/sleep.o
                0x00000000001044d3                sleepms
                0x000000000010455d                sleep
 .text          0x0000000000104593       0x36 binaries/srpolicy.o
                0x0000000000104593                srpolicy
 .text          0x00000000001045c9      0x180 binaries/stacktrace.o
                0x00000000001045c9                stacktrace
 .text          0x0000000000104749       0xb2 binaries/suspend.o
                0x0000000000104749                suspend
 .text          0x00000000001047fb       0x92 binaries/unsleep.o
                0x00000000001047fb                unsleep
 .text          0x000000000010488d       0x15 binaries/userret.o
                0x000000000010488d                userret
 .text          0x00000000001048a2      0x405 binaries/vcreate.o
                0x00000000001048a2                vcreate
 .text          0x0000000000104ca7      0x18a binaries/vfreemem.o
                0x0000000000104ca7                vfreemem
 .text          0x0000000000104e31       0xdb binaries/vgetmem.o
                0x0000000000104e31                vgetmem
 .text          0x0000000000104f0c       0xb1 binaries/wait.o
                0x0000000000104f0c                wait
 .text          0x0000000000104fbd       0x6d binaries/wakeup.o
                0x0000000000104fbd                wakeup
 .text          0x000000000010502a       0x5e binaries/write.o
                0x000000000010502a                write
 .text          0x0000000000105088       0x16 binaries/xdone.o
                0x0000000000105088                xdone
 .text          0x000000000010509e       0x23 binaries/yield.o
                0x000000000010509e                yield
 .text          0x00000000001050c1        0xe binaries/abs.o
                0x00000000001050c1                abs
 .text          0x00000000001050cf       0x81 binaries/atoi.o
                0x00000000001050cf                atoi
 .text          0x0000000000105150       0x81 binaries/atol.o
                0x0000000000105150                atol
 .text          0x00000000001051d1       0x18 binaries/bzero.o
                0x00000000001051d1                bzero
 .text          0x00000000001051e9        0x0 binaries/ctype_.o
 .text          0x00000000001051e9      0x6e4 binaries/doprnt.o
                0x000000000010533d                _doprnt
 .text          0x00000000001058cd      0x69b binaries/doscan.o
                0x00000000001058cd                _doscan
 .text          0x0000000000105f68      0x723 binaries/fdoprnt.o
                0x0000000000105fec                _fdoprnt
 .text          0x000000000010668b       0x1c binaries/fgetc.o
                0x000000000010668b                fgetc
 .text          0x00000000001066a7       0x62 binaries/fgets.o
                0x00000000001066a7                fgets
 .text          0x0000000000106709       0x23 binaries/fprintf.o
                0x0000000000106709                fprintf
 .text          0x000000000010672c       0x29 binaries/fputc.o
                0x000000000010672c                fputc
 .text          0x0000000000106755       0x3b binaries/fputs.o
                0x0000000000106755                fputs
 .text          0x0000000000106790       0x6a binaries/fscanf.o
                0x00000000001067ca                fscanf
 .text          0x00000000001067fa       0x1f binaries/getchar.o
                0x00000000001067fa                getchar
 .text          0x0000000000106819        0xe binaries/labs.o
                0x0000000000106819                labs
 .text          0x0000000000106827       0x32 binaries/memchr.o
                0x0000000000106827                memchr
 .text          0x0000000000106859       0x49 binaries/memcmp.o
                0x0000000000106859                memcmp
 .text          0x00000000001068a2       0x25 binaries/memcpy.o
                0x00000000001068a2                memcpy
 .text          0x00000000001068c7       0x1e binaries/memset.o
                0x00000000001068c7                memset
 .text          0x00000000001068e5       0x32 binaries/printf.o
                0x00000000001068e5                printf
 .text          0x0000000000106917       0x23 binaries/putchar.o
                0x0000000000106917                putchar
 .text          0x000000000010693a      0x1c8 binaries/qsort.o
                0x0000000000106ad7                qsort
 .text          0x0000000000106b02       0x45 binaries/rand.o
                0x0000000000106b02                srand
                0x0000000000106b0c                rand
 .text          0x0000000000106b47       0x49 binaries/sprintf.o
                0x0000000000106b5e                sprintf
 .text          0x0000000000106b90       0x57 binaries/sscanf.o
                0x0000000000106bb9                sscanf
 .text          0x0000000000106be7       0x2d binaries/strchr.o
                0x0000000000106be7                strchr
 .text          0x0000000000106c14       0x43 binaries/strcmp.o
                0x0000000000106c14                strcmp
 .text          0x0000000000106c57       0x1a binaries/strcpy.o
                0x0000000000106c57                strcpy
 .text          0x0000000000106c71       0x1c binaries/strlen.o
                0x0000000000106c71                strlen
 .text          0x0000000000106c8d       0x3c binaries/strncat.o
                0x0000000000106c8d                strncat
 .text          0x0000000000106cc9       0x3a binaries/strncmp.o
                0x0000000000106cc9                strncmp
 .text          0x0000000000106d03       0x58 binaries/strncpy.o
                0x0000000000106d03                strncpy
 .text          0x0000000000106d5b       0x36 binaries/strnlen.o
                0x0000000000106d5b                strnlen
 .text          0x0000000000106d91       0x30 binaries/strrchr.o
                0x0000000000106d91                strrchr
 .text          0x0000000000106dc1       0x66 binaries/strstr.o
                0x0000000000106dc1                strstr
 .text          0x0000000000106e27      0x10a binaries/ttycontrol.o
                0x0000000000106e27                ttycontrol
 .text          0x0000000000106f31       0xaa binaries/ttygetc.o
                0x0000000000106f31                ttygetc
 .text          0x0000000000106fdb      0x477 binaries/ttyhandle_in.o
                0x0000000000107091                ttyhandle_in
 .text          0x0000000000107452      0x16e binaries/ttyhandle_out.o
                0x0000000000107452                ttyhandle_out
 .text          0x00000000001075c0       0x84 binaries/ttyhandler.o
                0x00000000001075c0                ttyhandler
 .text          0x0000000000107644      0x157 binaries/ttyinit.o
                0x0000000000107644                ttyinit
 .text          0x000000000010779b        0xc binaries/ttykickout.o
                0x000000000010779b                ttykickout
 .text          0x00000000001077a7       0xac binaries/ttyputc.o
                0x00000000001077a7                ttyputc
 .text          0x0000000000107853       0xf3 binaries/ttyread.o
                0x0000000000107853                ttyread
 .text          0x0000000000107946       0x46 binaries/ttywrite.o
                0x0000000000107946                ttywrite
 .text          0x000000000010798c      0x125 binaries/mount.o
                0x000000000010798c                namlen
                0x00000000001079c4                mount
 .text          0x0000000000107ab1      0x196 binaries/naminit.o
                0x0000000000107ab1                naminit
 .text          0x0000000000107c47      0x1ff binaries/nammap.o
                0x0000000000107c47                namrepl
                0x0000000000107d68                namcpy
                0x0000000000107db5                nammap
 .text          0x0000000000107e46       0x4e binaries/namopen.o
                0x0000000000107e46                namopen
 .text          0x0000000000107e94       0xce binaries/colon2mac.o
                0x0000000000107e94                colon2mac
 .text          0x0000000000107f62       0x81 binaries/ethcontrol.o
                0x0000000000107f62                ethcontrol
 .text          0x0000000000107fe3      0x172 binaries/ethhandler.o
                0x0000000000107fe3                ethhandler
 .text          0x0000000000108155      0x550 binaries/ethinit.o
                0x0000000000108155                eth_phy_read
                0x0000000000108192                eth_phy_write
                0x00000000001081d2                eth_phy_reset
                0x00000000001082ac                ethinit
 .text          0x00000000001086a5       0xff binaries/ethmcast.o
                0x00000000001086a5                ethmcast_add
                0x00000000001086f2                ethmcast_remove
 .text          0x00000000001087a4      0x174 binaries/ethread.o
                0x00000000001087a4                ethread
 .text          0x0000000000108918       0xbd binaries/ethwrite.o
                0x0000000000108918                ethwrite
 .text          0x00000000001089d5       0x66 binaries/rdsbufalloc.o
                0x00000000001089d5                rdsbufalloc
 .text          0x0000000000108a3b       0xcd binaries/rdsclose.o
                0x0000000000108a3b                rdsclose
 .text          0x0000000000108b08      0x1e7 binaries/rdscomm.o
                0x0000000000108b08                rdscomm
 .text          0x0000000000108cef      0x1c2 binaries/rdscontrol.o
                0x0000000000108cef                rdscontrol
 .text          0x0000000000108eb1      0x1a0 binaries/rdsinit.o
                0x0000000000108eb1                rdsinit
 .text          0x0000000000109051      0x1a1 binaries/rdsopen.o
                0x0000000000109051                rdsopen
 .text          0x00000000001091f2      0x313 binaries/rdsprocess.o
                0x00000000001091f2                rdsprocess
 .text          0x0000000000109505      0x1e2 binaries/rdsread.o
                0x0000000000109505                rdsread
 .text          0x00000000001096e7      0x1ac binaries/rdswrite.o
                0x00000000001096e7                rdswrite
 .text          0x0000000000109893        0x6 binaries/ramclose.o
                0x0000000000109893                ramclose
 .text          0x0000000000109899       0x34 binaries/raminit.o
                0x0000000000109899                raminit
 .text          0x00000000001098cd        0x7 binaries/ramopen.o
                0x00000000001098cd                ramopen
 .text          0x00000000001098d4       0x27 binaries/ramread.o
                0x00000000001098d4                ramread
 .text          0x00000000001098fb       0x27 binaries/ramwrite.o
                0x00000000001098fb                ramwrite
 .text          0x0000000000109922       0x87 binaries/lfdballoc.o
                0x0000000000109922                lfdballoc
 .text          0x00000000001099a9       0x4d binaries/lfdbfree.o
                0x00000000001099a9                lfdbfree
 .text          0x00000000001099f6       0x9f binaries/lfflush.o
                0x00000000001099f6                lfflush
 .text          0x0000000000109a95       0x7a binaries/lfgetmode.o
                0x0000000000109a95                lfgetmode
 .text          0x0000000000109b0f       0x5f binaries/lfiballoc.o
                0x0000000000109b0f                lfiballoc
 .text          0x0000000000109b6e       0x25 binaries/lfibclear.o
                0x0000000000109b6e                lfibclear
 .text          0x0000000000109b93       0x74 binaries/lfibget.o
                0x0000000000109b93                lfibget
 .text          0x0000000000109c07       0x91 binaries/lfibput.o
                0x0000000000109c07                lfibput
 .text          0x0000000000109c98       0xa1 binaries/lflclose.o
                0x0000000000109c98                lflclose
 .text          0x0000000000109d39       0xbe binaries/lflcontrol.o
                0x0000000000109d39                lflcontrol
 .text          0x0000000000109df7       0xf7 binaries/lflgetc.o
                0x0000000000109df7                lflgetc
 .text          0x0000000000109eee       0xe4 binaries/lflinit.o
                0x0000000000109eee                lflinit
 .text          0x0000000000109fd2      0x12d binaries/lflputc.o
                0x0000000000109fd2                lflputc
 .text          0x000000000010a0ff       0x6a binaries/lflread.o
                0x000000000010a0ff                lflread
 .text          0x000000000010a169       0xb8 binaries/lflseek.o
                0x000000000010a169                lflseek
 .text          0x000000000010a221       0x4e binaries/lflwrite.o
                0x000000000010a221                lflwrite
 .text          0x000000000010a26f      0x11a binaries/lfsckfmt.o
                0x000000000010a26f                lfsckfmt
 .text          0x000000000010a389      0x1bd binaries/lfscreate.o
                0x000000000010a389                lfscreate
 .text          0x000000000010a546      0x1a4 binaries/lfsetup.o
                0x000000000010a546                lfsetup
 .text          0x000000000010a6ea       0x44 binaries/lfsinit.o
                0x000000000010a6ea                lfsinit
 .text          0x000000000010a72e      0x303 binaries/lfsopen.o
                0x000000000010a72e                lfsopen
 .text          0x000000000010aa31      0x11d binaries/lftruncate.o
                0x000000000010aa31                lftruncate
 .text          0x000000000010ab4e       0x69 binaries/rflclose.o
                0x000000000010ab4e                rflclose
 .text          0x000000000010abb7       0x2b binaries/rflgetc.o
                0x000000000010abb7                rflgetc
 .text          0x000000000010abe2       0x69 binaries/rflinit.o
                0x000000000010abe2                rflinit
 .text          0x000000000010ac4b       0x2c binaries/rflputc.o
                0x000000000010ac4b                rflputc
 .text          0x000000000010ac77      0x2c8 binaries/rflread.o
                0x000000000010ac77                rflread
 .text          0x000000000010af3f       0x69 binaries/rflseek.o
                0x000000000010af3f                rflseek
 .text          0x000000000010afa8      0x2ec binaries/rflwrite.o
                0x000000000010afa8                rflwrite
 .text          0x000000000010b294      0x17d binaries/rfscomm.o
                0x000000000010b294                rfscomm
 .text          0x000000000010b411      0x246 binaries/rfscontrol.o
                0x000000000010b411                rfscontrol
 .text          0x000000000010b657       0x7a binaries/rfsgetmode.o
                0x000000000010b657                rfsgetmode
 .text          0x000000000010b6d1       0x7d binaries/rfsinit.o
                0x000000000010b6d1                rfsinit
 .text          0x000000000010b74e       0xb7 binaries/rfsndmsg.o
                0x000000000010b74e                rfsndmsg
 .text          0x000000000010b805      0x24f binaries/rfsopen.o
                0x000000000010b805                rfsopen
 .text          0x000000000010ba54      0x619 binaries/arp.o
                0x000000000010ba54                arp_init
                0x000000000010ba6c                arp_alloc
                0x000000000010bb10                arp_ntoh
                0x000000000010bb7a                arp_hton
                0x000000000010bbe4                arp_resolve
                0x000000000010be36                arp_in
 .text          0x000000000010c06d      0x5a3 binaries/dhcp.o
                0x000000000010c06d                dhcp_get_opt_val
                0x000000000010c0c0                dhcp_bld_bootp_msg
                0x000000000010c18e                dhcp_bld_disc
                0x000000000010c1de                dhcp_bld_req
                0x000000000010c278                getlocalip
 .text          0x000000000010c610       0xcc binaries/dot2ip.o
                0x000000000010c610                dot2ip
 .text          0x000000000010c6dc      0x378 binaries/hexdump.o
                0x000000000010c6dc                hexdump
                0x000000000010c82b                hexadump
 .text          0x000000000010ca54      0x6e6 binaries/icmp.o
                0x000000000010ca54                icmp_init
                0x000000000010ca6c                icmp_register
                0x000000000010cb2a                icmp_recv
                0x000000000010cccd                icmp_mkpkt
                0x000000000010cd9e                icmp_in
                0x000000000010cf32                icmp_send
                0x000000000010cfa1                icmp_release
                0x000000000010d0b9                icmp_cksum
                0x000000000010d112                icmp_hton
                0x000000000010d126                icmp_ntoh
 .text          0x000000000010d13a      0x5d0 binaries/ip.o
                0x000000000010d13a                ip_local
                0x000000000010d17a                ipcksum
                0x000000000010d1cd                ip_ntoh
                0x000000000010d237                ip_in
                0x000000000010d35a                ip_hton
                0x000000000010d3c4                ip_out
                0x000000000010d477                ip_send
                0x000000000010d582                ipout
                0x000000000010d672                ip_enqueue
 .text          0x000000000010d70a      0x1a8 binaries/net.o
                0x000000000010d70a                net_init
                0x000000000010d800                eth_hton
                0x000000000010d80a                eth_ntoh
                0x000000000010d814                netin
 .text          0x000000000010d8b2       0xb3 binaries/netstart.o
                0x000000000010d8b2                netstart
 .text          0x000000000010d965      0xa2d binaries/pdump.o
                0x000000000010d965                pdump
                0x000000000010df49                pdumph
 .text          0x000000000010e392      0x5bc binaries/tftp.o
                0x000000000010e392                tftp_send1
                0x000000000010e4ae                tftpget_mb
                0x000000000010e927                tftpget
 .text          0x000000000010e94e      0xa03 binaries/udp.o
                0x000000000010e94e                udp_init
                0x000000000010e98b                udp_in
                0x000000000010eaaa                udp_register
                0x000000000010ebc7                udp_recv
                0x000000000010ed52                udp_recvaddr
                0x000000000010eef1                udp_send
                0x000000000010f0ac                udp_sendto
                0x000000000010f21f                udp_release
                0x000000000010f329                udp_ntoh
                0x000000000010f33d                udp_hton
 .text          0x000000000010f351      0x12e binaries/addargs.o
                0x000000000010f351                addargs
 .text          0x000000000010f47f      0x1e2 binaries/lexan.o
                0x000000000010f47f                lexan
 .text          0x000000000010f661      0x5b7 binaries/shell.o
                0x000000000010f661                shell
 .text          0x000000000010fc18       0x57 binaries/xsh_argecho.o
                0x000000000010fc18                xsh_argecho
 .text          0x000000000010fc6f      0x1ff binaries/xsh_arp.o
                0x000000000010fc6f                xsh_arp
 .text          0x000000000010fe6e      0x1ea binaries/xsh_cat.o
                0x000000000010fe6e                xsh_cat
 .text          0x0000000000110058       0x53 binaries/xsh_clear.o
                0x0000000000110058                xsh_clear
 .text          0x00000000001100ab      0x297 binaries/xsh_date.o
                0x00000000001100ab                xsh_date
 .text          0x0000000000110342       0x83 binaries/xsh_devdump.o
                0x0000000000110342                xsh_devdump
 .text          0x00000000001103c5       0x5e binaries/xsh_echo.o
                0x00000000001103c5                xsh_echo
 .text          0x0000000000110423        0x6 binaries/xsh_exit.o
                0x0000000000110423                xsh_exit
 .text          0x0000000000110429      0x32a binaries/xsh_help.o
                0x0000000000110429                xsh_help
 .text          0x0000000000110753      0x379 binaries/xsh_ipaddr.o
                0x0000000000110753                xsh_ipaddr
 .text          0x0000000000110acc      0x1c1 binaries/xsh_kill.o
                0x0000000000110acc                xsh_kill
 .text          0x0000000000110c8d      0x3ce binaries/xsh_memdump.o
                0x0000000000110d4f                xsh_memdump
 .text          0x000000000011105b      0x1cb binaries/xsh_memstat.o
                0x000000000011105b                xsh_memstat
 .text          0x0000000000111226      0x29b binaries/xsh_ping.o
                0x0000000000111226                xsh_ping
 .text          0x00000000001114c1      0x1a0 binaries/xsh_ps.o
                0x00000000001114c1                xsh_ps
 .text          0x0000000000111661      0x1ab binaries/xsh_sleep.o
                0x0000000000111661                xsh_sleep
 .text          0x000000000011180c      0x1cb binaries/xsh_udpdump.o
                0x000000000011180c                xsh_udpdump
 .text          0x00000000001119d7      0x3ca binaries/xsh_udpecho.o
                0x00000000001119d7                xsh_udpecho
 .text          0x0000000000111da1      0x21b binaries/xsh_udpeserver.o
                0x0000000000111da1                xsh_udpeserver
 .text          0x0000000000111fbc      0x1b4 binaries/xsh_uptime.o
                0x0000000000111fbc                xsh_uptime
 .text          0x0000000000112170       0x92 binaries/allocate_bs.o
                0x0000000000112170                allocate_bs
 .text          0x0000000000112202       0x6c binaries/close_bs.o
                0x0000000000112202                close_bs
 .text          0x000000000011226e       0x8d binaries/deallocate_bs.o
                0x000000000011226e                deallocate_bs
 .text          0x00000000001122fb       0xc8 binaries/get_bs.o
                0x00000000001122fb                get_bs
 .text          0x00000000001123c3       0x6c binaries/open_bs.o
                0x00000000001123c3                open_bs
 .text          0x000000000011242f       0xcb binaries/psinit.o
                0x000000000011242f                psinit
 .text          0x00000000001124fa      0x14c binaries/read_bs.o
                0x00000000001124fa                read_bs
 .text          0x0000000000112646      0x149 binaries/registers.o
                0x0000000000112646                read_cr0
                0x000000000011266f                read_cr2
                0x0000000000112698                read_cr3
                0x00000000001126c1                read_cr4
                0x00000000001126ea                write_cr0
                0x0000000000112713                write_cr3
                0x000000000011273c                write_cr4
                0x0000000000112765                enable_paging
                0x000000000011277f                switch_page_directory
 .text          0x000000000011278f       0xa5 binaries/release_bs.o
                0x000000000011278f                release_bs
 .text          0x0000000000112834      0x134 binaries/write_bs.o
                0x0000000000112834                write_bs
 .text          0x0000000000112968        0xe binaries/clkdisp.o
                0x0000000000112968                clkdisp
 .text          0x0000000000112976       0x19 binaries/ctxsw.o
                0x0000000000112976                ctxsw
 .text          0x000000000011298f      0x36b binaries/intr.o
                0x000000000011298f                disable
                0x0000000000112998                restore
                0x00000000001129a6                enable
                0x00000000001129a8                pause
                0x00000000001129af                halt
                0x00000000001129b5                spurious_irq7
                0x00000000001129ba                spurious_irq15
                0x00000000001129c9                _Xint0
                0x00000000001129d4                _Xint1
                0x00000000001129df                _Xint2
                0x00000000001129ea                _Xint3
                0x00000000001129f5                _Xint4
                0x0000000000112a00                _Xint5
                0x0000000000112a0b                _Xint6
                0x0000000000112a16                _Xint7
                0x0000000000112a21                _Xint8
                0x0000000000112a2c                _Xint9
                0x0000000000112a37                _Xint10
                0x0000000000112a42                _Xint11
                0x0000000000112a50                _Xint12
                0x0000000000112a5e                _Xint13
                0x0000000000112a6c                _Xint14
                0x0000000000112a7a                _Xint15
                0x0000000000112a88                _Xint16
                0x0000000000112a96                _Xint17
                0x0000000000112aa4                _Xint18
                0x0000000000112ab2                _Xint19
                0x0000000000112ac0                _Xint20
                0x0000000000112ace                _Xint21
                0x0000000000112adc                _Xint22
                0x0000000000112aea                _Xint23
                0x0000000000112af8                _Xint24
                0x0000000000112b06                _Xint25
                0x0000000000112b14                _Xint26
                0x0000000000112b22                _Xint27
                0x0000000000112b30                _Xint28
                0x0000000000112b3e                _Xint29
                0x0000000000112b4c                _Xint30
                0x0000000000112b5a                _Xint31
                0x0000000000112b68                _Xint32
                0x0000000000112b76                _Xint33
                0x0000000000112b84                _Xint34
                0x0000000000112b92                _Xint35
                0x0000000000112ba0                _Xint36
                0x0000000000112bae                _Xint37
                0x0000000000112bbc                _Xint38
                0x0000000000112bca                _Xint39
                0x0000000000112bd8                _Xint40
                0x0000000000112be6                _Xint41
                0x0000000000112bf4                _Xint42
                0x0000000000112c02                _Xint43
                0x0000000000112c10                _Xint44
                0x0000000000112c1e                _Xint45
                0x0000000000112c2c                _Xint46
                0x0000000000112c3a                defevec
 .text          0x0000000000112cfa        0xf binaries/ttydispatch.o
                0x0000000000112cfa                ttydispatch
 .text          0x0000000000112d09       0x13 binaries/ethdispatch.o
                0x0000000000112d09                ethdispatch
 .text          0x0000000000112d1c       0x15 binaries/pagefault_interrupt.o
                0x0000000000112d1c                error_code
                0x0000000000112d20                pagefault_interrupt
 *(.rodata .rodata.*)
 .rodata.str1.1
                0x0000000000112d31       0x54 binaries/ascdate.o
 *fill*         0x0000000000112d85        0x3 
 .rodata.str1.4
                0x0000000000112d88       0x22 binaries/ascdate.o
 .rodata.str1.1
                0x0000000000112daa       0x5f binaries/conf.o
 *fill*         0x0000000000112e09        0x3 
 .rodata.str1.4
                0x0000000000112e0c       0x4f binaries/early_imr.o
 *fill*         0x0000000000112e5b        0x1 
 .rodata        0x0000000000112e5c       0x33 binaries/early_imr.o
 .rodata.str1.1
                0x0000000000112e8f      0x20c binaries/evec.o
 *fill*         0x000000000011309b        0x1 
 .rodata.str1.4
                0x000000000011309c       0x23 binaries/evec.o
 .rodata.str1.1
                0x00000000001130bf        0xd binaries/frame.o
 .rodata.str1.1
                0x00000000001130cc        0xb binaries/getutime.o
 *fill*         0x00000000001130d7        0x1 
 .rodata.str1.4
                0x00000000001130d8       0x54 binaries/getutime.o
 .rodata.str1.1
                0x000000000011312c       0x6b binaries/initialize.o
                                         0x6f (size before relaxing)
 *fill*         0x0000000000113197        0x1 
 .rodata.str1.4
                0x0000000000113198       0xf2 binaries/initialize.o
 *fill*         0x000000000011328a        0x2 
 .rodata        0x000000000011328c       0x20 binaries/kill.o
 .rodata.str1.1
                0x00000000001132ac       0x9f binaries/main.o
 *fill*         0x000000000011334b        0x1 
 .rodata.str1.4
                0x000000000011334c       0x22 binaries/main.o
 *fill*         0x000000000011336e        0x2 
 .rodata.str1.4
                0x0000000000113370       0x84 binaries/pagefault_handler.o
 .rodata.str1.1
                0x00000000001133f4        0xf binaries/panic.o
 .rodata.str1.1
                0x0000000000113403       0x1c binaries/ptinit.o
 *fill*         0x000000000011341f        0x1 
 .rodata.str1.4
                0x0000000000113420       0x25 binaries/ptsend.o
 .rodata.str1.1
                0x0000000000113445       0x22 binaries/quark_pdat.o
 *fill*         0x0000000000113467        0x1 
 .rodata.str1.4
                0x0000000000113468       0x63 binaries/stacktrace.o
 .rodata.str1.1
                0x00000000001134cb       0x52 binaries/stacktrace.o
 *fill*         0x000000000011351d        0x3 
 .rodata.str1.4
                0x0000000000113520       0x27 binaries/xdone.o
 *fill*         0x0000000000113547       0x19 
 .rodata        0x0000000000113560       0x81 binaries/ctype_.o
                0x0000000000113560                _ctype_
 .rodata.str1.1
                0x00000000001135e1       0x29 binaries/doprnt.o
 *fill*         0x000000000011360a        0x2 
 .rodata        0x000000000011360c       0xc4 binaries/doprnt.o
 .rodata        0x00000000001136d0       0x98 binaries/doscan.o
 .rodata.str1.1
                0x0000000000113768       0x29 binaries/fdoprnt.o
 .rodata        0x0000000000113768       0x84 binaries/fdoprnt.o
 .rodata        0x00000000001137ec       0x20 binaries/ttycontrol.o
 .rodata.str1.4
                0x000000000011380c       0x4c binaries/naminit.o
 .rodata.str1.1
                0x0000000000113858       0x32 binaries/naminit.o
                                         0x35 (size before relaxing)
 .rodata.str1.1
                0x000000000011388a       0x15 binaries/ethinit.o
 *fill*         0x000000000011389f        0x1 
 .rodata.str1.4
                0x00000000001138a0       0x2e binaries/ethinit.o
 *fill*         0x00000000001138ce        0x2 
 .rodata.str1.4
                0x00000000001138d0       0x2c binaries/rdsbufalloc.o
 .rodata.str1.4
                0x00000000001138fc       0x76 binaries/rdscomm.o
 *fill*         0x0000000000113972        0x2 
 .rodata.str1.4
                0x0000000000113974       0x48 binaries/rdscontrol.o
 .rodata.str1.4
                0x00000000001139bc       0x5a binaries/rdsinit.o
 .rodata.str1.1
                0x0000000000113a16       0x10 binaries/rdsinit.o
 *fill*         0x0000000000113a26        0x2 
 .rodata.str1.4
                0x0000000000113a28       0x22 binaries/rdsopen.o
 *fill*         0x0000000000113a4a        0x2 
 .rodata.str1.4
                0x0000000000113a4c       0x4d binaries/rdsprocess.o
 .rodata.str1.1
                0x0000000000113a99        0x9 binaries/raminit.o
 .rodata.str1.1
                0x0000000000113aa2       0x13 binaries/lfdballoc.o
 *fill*         0x0000000000113ab5        0x3 
 .rodata.str1.4
                0x0000000000113ab8       0x23 binaries/lfdballoc.o
 .rodata.str1.1
                0x0000000000113adb       0x14 binaries/lfiballoc.o
 *fill*         0x0000000000113aef        0x1 
 .rodata.str1.4
                0x0000000000113af0       0x23 binaries/lflcontrol.o
 .rodata.str1.1
                0x0000000000113b13       0x64 binaries/lfsckfmt.o
 *fill*         0x0000000000113b77        0x1 
 .rodata.str1.4
                0x0000000000113b78       0x51 binaries/lfsckfmt.o
 *fill*         0x0000000000113bc9        0x3 
 .rodata.str1.4
                0x0000000000113bcc       0x21 binaries/rflread.o
 .rodata.str1.4
                0x0000000000113bed       0x21 binaries/rflwrite.o
 *fill*         0x0000000000113bed        0x3 
 .rodata.str1.4
                0x0000000000113bf0       0x75 binaries/rfscomm.o
 *fill*         0x0000000000113c65        0x3 
 .rodata.str1.4
                0x0000000000113c68       0x23 binaries/rfscontrol.o
 *fill*         0x0000000000113c8b        0x1 
 .rodata        0x0000000000113c8c       0x18 binaries/rfscontrol.o
 .rodata.str1.1
                0x0000000000113ca4       0x10 binaries/rfsinit.o
 .rodata.str1.4
                0x0000000000113ca4       0x57 binaries/rfsinit.o
 *fill*         0x0000000000113cfb        0x1 
 .rodata.str1.4
                0x0000000000113cfc       0x2a binaries/rfsndmsg.o
 .rodata.str1.4
                0x0000000000113d26       0x22 binaries/rfsopen.o
 .rodata.str1.1
                0x0000000000113d26       0x19 binaries/arp.o
 *fill*         0x0000000000113d3f        0x1 
 .rodata.str1.4
                0x0000000000113d40       0x21 binaries/arp.o
 *fill*         0x0000000000113d61        0x3 
 .rodata.str1.4
                0x0000000000113d64       0xa6 binaries/dhcp.o
 .rodata.str1.1
                0x0000000000113e0a       0x4a binaries/dhcp.o
 .rodata.str1.1
                0x0000000000113e54       0x5a binaries/hexdump.o
                                         0x61 (size before relaxing)
 *fill*         0x0000000000113eae        0x2 
 .rodata.str1.4
                0x0000000000113eb0       0x67 binaries/hexdump.o
 *fill*         0x0000000000113f17        0x1 
 .rodata.str1.4
                0x0000000000113f18       0x29 binaries/icmp.o
 .rodata.str1.1
                0x0000000000113f41       0x4e binaries/ip.o
 *fill*         0x0000000000113f8f        0x1 
 .rodata.str1.4
                0x0000000000113f90       0x20 binaries/ip.o
 .rodata.str1.4
                0x0000000000113fb0       0x28 binaries/net.o
 .rodata.str1.1
                0x0000000000113fd8       0x27 binaries/net.o
 *fill*         0x0000000000113fff        0x1 
 .rodata.str1.4
                0x0000000000114000       0xcf binaries/netstart.o
 .rodata.str1.1
                0x00000000001140cf      0x141 binaries/pdump.o
                                        0x14b (size before relaxing)
 .rodata.str1.4
                0x0000000000114210      0x126 binaries/pdump.o
 *fill*         0x0000000000114336        0x2 
 .rodata.str1.4
                0x0000000000114338      0x148 binaries/tftp.o
 .rodata.str1.1
                0x0000000000114480        0x6 binaries/tftp.o
                                          0xa (size before relaxing)
 .rodata.str1.1
                0x0000000000114486       0xe3 binaries/shell.o
                                         0xff (size before relaxing)
 *fill*         0x0000000000114569        0x3 
 .rodata.str1.4
                0x000000000011456c      0x1c4 binaries/shell.o
 *fill*         0x0000000000114730       0x10 
 .rodata        0x0000000000114740       0xfc binaries/shell.o
                0x0000000000114740                cmdtab
 .rodata.str1.1
                0x000000000011483c       0x26 binaries/xsh_argecho.o
                                         0x28 (size before relaxing)
 .rodata.str1.1
                0x0000000000114862       0x70 binaries/xsh_arp.o
                                         0x72 (size before relaxing)
 *fill*         0x00000000001148d2        0x2 
 .rodata.str1.4
                0x00000000001148d4       0xb4 binaries/xsh_arp.o
 .rodata.str1.1
                0x0000000000114988       0x2d binaries/xsh_cat.o
                                         0x4f (size before relaxing)
 *fill*         0x00000000001149b5        0x3 
 .rodata.str1.4
                0x00000000001149b8       0x52 binaries/xsh_cat.o
                                         0x79 (size before relaxing)
 .rodata.str1.1
                0x0000000000114a0a       0x15 binaries/xsh_clear.o
 .rodata.str1.1
                0x0000000000114a1f       0x46 binaries/xsh_date.o
                                         0x5f (size before relaxing)
 *fill*         0x0000000000114a65        0x3 
 .rodata.str1.4
                0x0000000000114a68      0x163 binaries/xsh_date.o
 .rodata.str1.1
                0x0000000000114bcb       0x5d binaries/xsh_devdump.o
 .rodata.str1.1
                0x0000000000114c28        0x4 binaries/xsh_echo.o
                                          0x9 (size before relaxing)
 .rodata.str1.1
                0x0000000000114c2c       0x65 binaries/xsh_help.o
                                         0xa3 (size before relaxing)
 *fill*         0x0000000000114c91        0x3 
 .rodata.str1.4
                0x0000000000114c94       0x7c binaries/xsh_help.o
                                         0xc6 (size before relaxing)
 .rodata.str1.1
                0x0000000000114d10       0x9c binaries/xsh_ipaddr.o
                                         0xf8 (size before relaxing)
 .rodata.str1.4
                0x0000000000114dac       0x4d binaries/xsh_ipaddr.o
                                         0x99 (size before relaxing)
 .rodata.str1.1
                0x0000000000114df9       0x78 binaries/xsh_kill.o
                                         0x97 (size before relaxing)
 *fill*         0x0000000000114e71        0x3 
 .rodata.str1.4
                0x0000000000114e74       0x4a binaries/xsh_kill.o
                                         0x96 (size before relaxing)
 .rodata.str1.1
                0x0000000000114ebe       0x84 binaries/xsh_memdump.o
                                         0xa8 (size before relaxing)
 *fill*         0x0000000000114f42        0x2 
 .rodata.str1.4
                0x0000000000114f44      0x15a binaries/xsh_memdump.o
                                        0x1aa (size before relaxing)
 .rodata.str1.1
                0x000000000011509e       0x40 binaries/xsh_memstat.o
                                         0x79 (size before relaxing)
 *fill*         0x00000000001150de        0x2 
 .rodata.str1.4
                0x00000000001150e0      0x187 binaries/xsh_memstat.o
                                        0x1af (size before relaxing)
 .rodata.str1.1
                0x0000000000115267       0x90 binaries/xsh_ping.o
                                         0xaf (size before relaxing)
 *fill*         0x00000000001152f7        0x1 
 .rodata.str1.4
                0x00000000001152f8       0x77 binaries/xsh_ping.o
                                         0xc6 (size before relaxing)
 .rodata.str1.1
                0x000000000011536f       0x74 binaries/xsh_ps.o
                                         0xd5 (size before relaxing)
 *fill*         0x00000000001153e3        0x1 
 .rodata.str1.4
                0x00000000001153e4       0x80 binaries/xsh_ps.o
                                         0xd0 (size before relaxing)
 *fill*         0x0000000000115464       0x1c 
 .rodata        0x0000000000115480       0x20 binaries/xsh_ps.o
 .rodata.str1.1
                0x00000000001154a0       0x31 binaries/xsh_sleep.o
                                         0x72 (size before relaxing)
 *fill*         0x00000000001154d1        0x3 
 .rodata.str1.4
                0x00000000001154d4       0x2a binaries/xsh_sleep.o
                                         0x7a (size before relaxing)
 .rodata.str1.1
                0x00000000001154fe       0x6b binaries/xsh_udpdump.o
                                         0xd2 (size before relaxing)
 *fill*         0x0000000000115569        0x3 
 .rodata.str1.4
                0x000000000011556c       0x94 binaries/xsh_udpdump.o
                                         0xe4 (size before relaxing)
 .rodata.str1.1
                0x0000000000115600       0xdb binaries/xsh_udpecho.o
                                         0xfa (size before relaxing)
 *fill*         0x00000000001156db        0x1 
 .rodata.str1.4
                0x00000000001156dc       0xc7 binaries/xsh_udpecho.o
                                        0x116 (size before relaxing)
 .rodata.str1.1
                0x00000000001157a3       0x66 binaries/xsh_udpeserver.o
                                         0x8f (size before relaxing)
 *fill*         0x0000000000115809        0x3 
 .rodata.str1.4
                0x000000000011580c       0x29 binaries/xsh_udpeserver.o
                                         0x9f (size before relaxing)
 .rodata.str1.1
                0x0000000000115835       0x49 binaries/xsh_uptime.o
                                         0x8c (size before relaxing)
 *fill*         0x000000000011587e        0x2 
 .rodata.str1.4
                0x0000000000115880       0x28 binaries/xsh_uptime.o
                                         0x76 (size before relaxing)
 .rodata.str1.1
                0x00000000001158a8       0x2c binaries/psinit.o
 .rodata.str1.4
                0x00000000001158d4       0x8a binaries/psinit.o
 .rodata.str1.1
                0x000000000011595e       0x1c binaries/read_bs.o
 *fill*         0x000000000011597a        0x2 
 .rodata.str1.4
                0x000000000011597c       0x59 binaries/read_bs.o
 .rodata.str1.1
                0x00000000001159d5       0x1c binaries/release_bs.o
 *fill*         0x00000000001159d5        0x3 
 .rodata.str1.4
                0x00000000001159d8       0x27 binaries/release_bs.o
 .rodata.str1.1
                0x00000000001159ff       0x1c binaries/write_bs.o
 *fill*         0x00000000001159ff        0x1 
 .rodata.str1.4
                0x0000000000115a00       0x58 binaries/write_bs.o
                0x0000000000115a58                etext = ABSOLUTE (.)
                0x0000000000116000                . = ALIGN (0x1000)
 *fill*         0x0000000000115a58      0x5a8 

.eh_frame       0x0000000000116000     0x758c
 .eh_frame      0x0000000000116000       0x78 binaries/ascdate.o
 .eh_frame      0x0000000000116078      0x190 binaries/bs_map.o
                                        0x1a8 (size before relaxing)
 .eh_frame      0x0000000000116208       0x14 binaries/bufinit.o
                                         0x2c (size before relaxing)
 .eh_frame      0x000000000011621c       0x40 binaries/chprio.o
                                         0x58 (size before relaxing)
 .eh_frame      0x000000000011625c       0x18 binaries/clkhandler.o
                                         0x30 (size before relaxing)
 .eh_frame      0x0000000000116274       0x3c binaries/clkinit.o
                                         0x54 (size before relaxing)
 .eh_frame      0x00000000001162b0       0x3c binaries/close.o
                                         0x54 (size before relaxing)
 .eh_frame      0x00000000001162ec       0x44 binaries/control.o
                                         0x5c (size before relaxing)
 .eh_frame      0x0000000000116330       0x5c binaries/create.o
                                         0x74 (size before relaxing)
 .eh_frame      0x000000000011638c      0x148 binaries/early_imr.o
                                        0x160 (size before relaxing)
 .eh_frame      0x00000000001164d4      0x1a8 binaries/evec.o
                                        0x1c0 (size before relaxing)
 .eh_frame      0x000000000011667c      0x2f8 binaries/frame.o
                                        0x310 (size before relaxing)
 .eh_frame      0x0000000000116974       0x50 binaries/freebuf.o
                                         0x68 (size before relaxing)
 .eh_frame      0x00000000001169c4       0x58 binaries/freemem.o
                                         0x70 (size before relaxing)
 .eh_frame      0x0000000000116a1c       0x14 binaries/get_faults.o
                                         0x2c (size before relaxing)
 .eh_frame      0x0000000000116a30       0x40 binaries/getbuf.o
                                         0x58 (size before relaxing)
 .eh_frame      0x0000000000116a70       0x3c binaries/getc.o
                                         0x54 (size before relaxing)
 .eh_frame      0x0000000000116aac       0x5c binaries/getdev.o
                                         0x74 (size before relaxing)
 .eh_frame      0x0000000000116b08       0x4c binaries/getitem.o
                                         0x64 (size before relaxing)
 .eh_frame      0x0000000000116b54       0x50 binaries/getmem.o
                                         0x68 (size before relaxing)
 .eh_frame      0x0000000000116ba4       0x14 binaries/getpid.o
                                         0x2c (size before relaxing)
 .eh_frame      0x0000000000116bb8       0x34 binaries/getprio.o
                                         0x4c (size before relaxing)
 .eh_frame      0x0000000000116bec       0x58 binaries/getstk.o
                                         0x70 (size before relaxing)
 .eh_frame      0x0000000000116c44       0x20 binaries/gettime.o
                                         0x38 (size before relaxing)
 .eh_frame      0x0000000000116c64       0x8c binaries/getutime.o
                                         0xa4 (size before relaxing)
 .eh_frame      0x0000000000116cf0       0x50 binaries/hooks.o
                                         0x68 (size before relaxing)
 .eh_frame      0x0000000000116d40       0x3c binaries/init.o
                                         0x54 (size before relaxing)
 .eh_frame      0x0000000000116d7c      0x124 binaries/initialize.o
                                        0x13c (size before relaxing)
 .eh_frame      0x0000000000116ea0       0x24 binaries/insert.o
                                         0x3c (size before relaxing)
 .eh_frame      0x0000000000116ec4       0x38 binaries/insertd.o
                                         0x50 (size before relaxing)
 .eh_frame      0x0000000000116efc       0x14 binaries/ioerr.o
                                         0x2c (size before relaxing)
 .eh_frame      0x0000000000116f10       0x14 binaries/ionull.o
                                         0x2c (size before relaxing)
 .eh_frame      0x0000000000116f24       0x8c binaries/kill.o
                                         0xa4 (size before relaxing)
 .eh_frame      0x0000000000116fb0       0x88 binaries/kprintf.o
                                         0xa0 (size before relaxing)
 .eh_frame      0x0000000000117038       0xbc binaries/main.o
                                         0xd4 (size before relaxing)
 .eh_frame      0x00000000001170f4       0x4c binaries/mark.o
                                         0x64 (size before relaxing)
 .eh_frame      0x0000000000117140       0x38 binaries/meminit.o
                                         0x50 (size before relaxing)
 .eh_frame      0x0000000000117178       0x74 binaries/mkbufpool.o
                                         0x8c (size before relaxing)
 .eh_frame      0x00000000001171ec       0x14 binaries/newqueue.o
                                         0x2c (size before relaxing)
 .eh_frame      0x0000000000117200       0x44 binaries/open.o
                                         0x5c (size before relaxing)
 .eh_frame      0x0000000000117244       0xc4 binaries/page_directory.o
                                         0xdc (size before relaxing)
 .eh_frame      0x0000000000117308      0x120 binaries/page_table.o
                                        0x138 (size before relaxing)
 .eh_frame      0x0000000000117428       0xc4 binaries/pagefault_handler.o
                                         0xdc (size before relaxing)
 .eh_frame      0x00000000001174ec       0x20 binaries/panic.o
                                         0x38 (size before relaxing)
 .eh_frame      0x000000000011750c       0xec binaries/pci.o
                                        0x104 (size before relaxing)
 .eh_frame      0x00000000001175f8       0x38 binaries/platinit.o
                                         0x50 (size before relaxing)
 .eh_frame      0x0000000000117630       0x68 binaries/ptclear.o
                                         0x80 (size before relaxing)
 .eh_frame      0x0000000000117698       0x50 binaries/ptcount.o
                                         0x68 (size before relaxing)
 .eh_frame      0x00000000001176e8       0x60 binaries/ptcreate.o
                                         0x78 (size before relaxing)
 .eh_frame      0x0000000000117748       0x44 binaries/ptdelete.o
                                         0x5c (size before relaxing)
 .eh_frame      0x000000000011778c       0x3c binaries/ptinit.o
                                         0x54 (size before relaxing)
 .eh_frame      0x00000000001177c8       0x54 binaries/ptrecv.o
                                         0x6c (size before relaxing)
 .eh_frame      0x000000000011781c       0x44 binaries/ptreset.o
                                         0x5c (size before relaxing)
 .eh_frame      0x0000000000117860       0x5c binaries/ptsend.o
                                         0x74 (size before relaxing)
 .eh_frame      0x00000000001178bc       0x44 binaries/putc.o
                                         0x5c (size before relaxing)
 .eh_frame      0x0000000000117900       0x60 binaries/quark_irq.o
                                         0x78 (size before relaxing)
 .eh_frame      0x0000000000117960       0xd0 binaries/quark_pdat.o
                                         0xe8 (size before relaxing)
 .eh_frame      0x0000000000117a30       0x34 binaries/queue.o
                                         0x4c (size before relaxing)
 .eh_frame      0x0000000000117a64       0x44 binaries/read.o
                                         0x5c (size before relaxing)
 .eh_frame      0x0000000000117aa8       0x28 binaries/ready.o
                                         0x40 (size before relaxing)
 .eh_frame      0x0000000000117ad0       0x38 binaries/receive.o
                                         0x50 (size before relaxing)
 .eh_frame      0x0000000000117b08       0x30 binaries/recvclr.o
                                         0x48 (size before relaxing)
 .eh_frame      0x0000000000117b38       0x50 binaries/recvtime.o
                                         0x68 (size before relaxing)
 .eh_frame      0x0000000000117b88       0x70 binaries/resched.o
                                         0x88 (size before relaxing)
 .eh_frame      0x0000000000117bf8       0x48 binaries/resume.o
                                         0x60 (size before relaxing)
 .eh_frame      0x0000000000117c40       0x40 binaries/seek.o
                                         0x58 (size before relaxing)
 .eh_frame      0x0000000000117c80       0x34 binaries/semcount.o
                                         0x4c (size before relaxing)
 .eh_frame      0x0000000000117cb4       0x40 binaries/semcreate.o
                                         0x58 (size before relaxing)
 .eh_frame      0x0000000000117cf4       0x5c binaries/semdelete.o
                                         0x74 (size before relaxing)
 .eh_frame      0x0000000000117d50       0x68 binaries/semreset.o
                                         0x80 (size before relaxing)
 .eh_frame      0x0000000000117db8       0x58 binaries/send.o
                                         0x70 (size before relaxing)
 .eh_frame      0x0000000000117e10       0x50 binaries/signal.o
                                         0x68 (size before relaxing)
 .eh_frame      0x0000000000117e60       0x5c binaries/signaln.o
                                         0x74 (size before relaxing)
 .eh_frame      0x0000000000117ebc       0x74 binaries/sleep.o
                                         0x8c (size before relaxing)
 .eh_frame      0x0000000000117f30       0x14 binaries/srpolicy.o
                                         0x2c (size before relaxing)
 .eh_frame      0x0000000000117f44       0x9c binaries/stacktrace.o
                                         0xb4 (size before relaxing)
 .eh_frame      0x0000000000117fe0       0x50 binaries/suspend.o
                                         0x68 (size before relaxing)
 .eh_frame      0x0000000000118030       0x44 binaries/unsleep.o
                                         0x5c (size before relaxing)
 .eh_frame      0x0000000000118074       0x20 binaries/userret.o
                                         0x38 (size before relaxing)
 .eh_frame      0x0000000000118094       0xac binaries/vcreate.o
                                         0xc4 (size before relaxing)
 .eh_frame      0x0000000000118140       0x70 binaries/vfreemem.o
                                         0x88 (size before relaxing)
 .eh_frame      0x00000000001181b0       0x60 binaries/vgetmem.o
                                         0x78 (size before relaxing)
 .eh_frame      0x0000000000118210       0x50 binaries/wait.o
                                         0x68 (size before relaxing)
 .eh_frame      0x0000000000118260       0x2c binaries/wakeup.o
                                         0x44 (size before relaxing)
 .eh_frame      0x000000000011828c       0x44 binaries/write.o
                                         0x5c (size before relaxing)
 .eh_frame      0x00000000001182d0       0x1c binaries/xdone.o
                                         0x34 (size before relaxing)
 .eh_frame      0x00000000001182ec       0x28 binaries/yield.o
                                         0x40 (size before relaxing)
 .eh_frame      0x0000000000118314       0x14 binaries/abs.o
                                         0x2c (size before relaxing)
 .eh_frame      0x0000000000118328       0x24 binaries/atoi.o
                                         0x3c (size before relaxing)
 .eh_frame      0x000000000011834c       0x24 binaries/atol.o
                                         0x3c (size before relaxing)
 .eh_frame      0x0000000000118370       0x14 binaries/bzero.o
                                         0x2c (size before relaxing)
 .eh_frame      0x0000000000118384      0x130 binaries/doprnt.o
                                        0x148 (size before relaxing)
 .eh_frame      0x00000000001184b4      0x104 binaries/doscan.o
                                        0x11c (size before relaxing)
 .eh_frame      0x00000000001185b8      0x110 binaries/fdoprnt.o
                                        0x128 (size before relaxing)
 .eh_frame      0x00000000001186c8       0x20 binaries/fgetc.o
                                         0x38 (size before relaxing)
 .eh_frame      0x00000000001186e8       0x44 binaries/fgets.o
                                         0x5c (size before relaxing)
 .eh_frame      0x000000000011872c       0x24 binaries/fprintf.o
                                         0x3c (size before relaxing)
 .eh_frame      0x0000000000118750       0x20 binaries/fputc.o
                                         0x38 (size before relaxing)
 .eh_frame      0x0000000000118770       0x38 binaries/fputs.o
                                         0x50 (size before relaxing)
 .eh_frame      0x00000000001187a8       0x6c binaries/fscanf.o
                                         0x84 (size before relaxing)
 .eh_frame      0x0000000000118814       0x1c binaries/getchar.o
                                         0x34 (size before relaxing)
 .eh_frame      0x0000000000118830       0x14 binaries/labs.o
                                         0x2c (size before relaxing)
 .eh_frame      0x0000000000118844       0x14 binaries/memchr.o
                                         0x2c (size before relaxing)
 .eh_frame      0x0000000000118858       0x24 binaries/memcmp.o
                                         0x3c (size before relaxing)
 .eh_frame      0x000000000011887c       0x24 binaries/memcpy.o
                                         0x3c (size before relaxing)
 .eh_frame      0x00000000001188a0       0x1c binaries/memset.o
                                         0x34 (size before relaxing)
 .eh_frame      0x00000000001188bc       0x24 binaries/printf.o
                                         0x3c (size before relaxing)
 .eh_frame      0x00000000001188e0       0x20 binaries/putchar.o
                                         0x38 (size before relaxing)
 .eh_frame      0x0000000000118900       0xc0 binaries/qsort.o
                                         0xd8 (size before relaxing)
 .eh_frame      0x00000000001189c0       0x28 binaries/rand.o
                                         0x40 (size before relaxing)
 .eh_frame      0x00000000001189e8       0x48 binaries/sprintf.o
                                         0x60 (size before relaxing)
 .eh_frame      0x0000000000118a30       0x54 binaries/sscanf.o
                                         0x6c (size before relaxing)
 .eh_frame      0x0000000000118a84       0x1c binaries/strchr.o
                                         0x34 (size before relaxing)
 .eh_frame      0x0000000000118aa0       0x1c binaries/strcmp.o
                                         0x34 (size before relaxing)
 .eh_frame      0x0000000000118abc       0x14 binaries/strcpy.o
                                         0x2c (size before relaxing)
 .eh_frame      0x0000000000118ad0       0x14 binaries/strlen.o
                                         0x2c (size before relaxing)
 .eh_frame      0x0000000000118ae4       0x2c binaries/strncat.o
                                         0x44 (size before relaxing)
 .eh_frame      0x0000000000118b10       0x1c binaries/strncmp.o
                                         0x34 (size before relaxing)
 .eh_frame      0x0000000000118b2c       0x30 binaries/strncpy.o
                                         0x48 (size before relaxing)
 .eh_frame      0x0000000000118b5c       0x1c binaries/strnlen.o
                                         0x34 (size before relaxing)
 .eh_frame      0x0000000000118b78       0x1c binaries/strrchr.o
                                         0x34 (size before relaxing)
 .eh_frame      0x0000000000118b94       0x38 binaries/strstr.o
                                         0x50 (size before relaxing)
 .eh_frame      0x0000000000118bcc       0x48 binaries/ttycontrol.o
                                         0x60 (size before relaxing)
 .eh_frame      0x0000000000118c14       0x38 binaries/ttygetc.o
                                         0x50 (size before relaxing)
 .eh_frame      0x0000000000118c4c       0xd8 binaries/ttyhandle_in.o
                                         0xf0 (size before relaxing)
 .eh_frame      0x0000000000118d24       0x64 binaries/ttyhandle_out.o
                                         0x7c (size before relaxing)
 .eh_frame      0x0000000000118d88       0x54 binaries/ttyhandler.o
                                         0x6c (size before relaxing)
 .eh_frame      0x0000000000118ddc       0x48 binaries/ttyinit.o
                                         0x60 (size before relaxing)
 .eh_frame      0x0000000000118e24       0x14 binaries/ttykickout.o
                                         0x2c (size before relaxing)
 .eh_frame      0x0000000000118e38       0x58 binaries/ttyputc.o
                                         0x70 (size before relaxing)
 .eh_frame      0x0000000000118e90       0x60 binaries/ttyread.o
                                         0x78 (size before relaxing)
 .eh_frame      0x0000000000118ef0       0x38 binaries/ttywrite.o
                                         0x50 (size before relaxing)
 .eh_frame      0x0000000000118f28       0x78 binaries/mount.o
                                         0x90 (size before relaxing)
 .eh_frame      0x0000000000118fa0       0xe4 binaries/naminit.o
                                         0xfc (size before relaxing)
 .eh_frame      0x0000000000119084       0xe8 binaries/nammap.o
                                        0x100 (size before relaxing)
 .eh_frame      0x000000000011916c       0x3c binaries/namopen.o
                                         0x54 (size before relaxing)
 .eh_frame      0x00000000001191a8       0x3c binaries/colon2mac.o
                                         0x54 (size before relaxing)
 .eh_frame      0x00000000001191e4       0x40 binaries/ethcontrol.o
                                         0x58 (size before relaxing)
 .eh_frame      0x0000000000119224       0x58 binaries/ethhandler.o
                                         0x70 (size before relaxing)
 .eh_frame      0x000000000011927c      0x14c binaries/ethinit.o
                                        0x164 (size before relaxing)
 .eh_frame      0x00000000001193c8       0xa0 binaries/ethmcast.o
                                         0xb8 (size before relaxing)
 .eh_frame      0x0000000000119468       0x80 binaries/ethread.o
                                         0x98 (size before relaxing)
 .eh_frame      0x00000000001194e8       0x44 binaries/ethwrite.o
                                         0x5c (size before relaxing)
 .eh_frame      0x000000000011952c       0x30 binaries/rdsbufalloc.o
                                         0x48 (size before relaxing)
 .eh_frame      0x000000000011955c       0x3c binaries/rdsclose.o
                                         0x54 (size before relaxing)
 .eh_frame      0x0000000000119598       0x8c binaries/rdscomm.o
                                         0xa4 (size before relaxing)
 .eh_frame      0x0000000000119624       0xb0 binaries/rdscontrol.o
                                         0xc8 (size before relaxing)
 .eh_frame      0x00000000001196d4       0x68 binaries/rdsinit.o
                                         0x80 (size before relaxing)
 .eh_frame      0x000000000011973c       0x74 binaries/rdsopen.o
                                         0x8c (size before relaxing)
 .eh_frame      0x00000000001197b0      0x108 binaries/rdsprocess.o
                                        0x120 (size before relaxing)
 .eh_frame      0x00000000001198b8       0x7c binaries/rdsread.o
                                         0x94 (size before relaxing)
 .eh_frame      0x0000000000119934       0x80 binaries/rdswrite.o
                                         0x98 (size before relaxing)
 .eh_frame      0x00000000001199b4       0x14 binaries/ramclose.o
                                         0x2c (size before relaxing)
 .eh_frame      0x00000000001199c8       0x2c binaries/raminit.o
                                         0x44 (size before relaxing)
 .eh_frame      0x00000000001199f4       0x14 binaries/ramopen.o
                                         0x2c (size before relaxing)
 .eh_frame      0x0000000000119a08       0x20 binaries/ramread.o
                                         0x38 (size before relaxing)
 .eh_frame      0x0000000000119a28       0x20 binaries/ramwrite.o
                                         0x38 (size before relaxing)
[...]
 .comment       0x000000000000002a       0x2b binaries/psinit.o
 .comment       0x000000000000002a       0x2b binaries/read_bs.o
 .comment       0x000000000000002a       0x2b binaries/registers.o
 .comment       0x000000000000002a       0x2b binaries/release_bs.o
 .comment       0x000000000000002a       0x2b binaries/write_bs.o

.note.GNU-stack
                0x0000000000000000        0x0
 .note.GNU-stack
                0x0000000000000000        0x0 binaries/ascdate.o
 .note.GNU-stack
                0x0000000000000000        0x0 binaries/bs_map.o
 .note.GNU-stack
                0x0000000000000000        0x0 binaries/bufinit.o
 .note.GNU-stack
                0x0000000000000000        0x0 binaries/chprio.o
 .note.GNU-stack
                0x0000000000000000        0x0 binaries/clkhandler.o
 .note.GNU-stack
                0x0000000000000000        0x0 binaries/clkinit.o
 .note.GNU-stack
                0x0000000000000000        0x0 binaries/close.o
 .note.GNU-stack
                0x0000000000000000        0x0 binaries/conf.o
 .note.GNU-stack
                0x0000000000000000        0x0 binaries/control.o
 .note.GNU-stack
                0x0000000000000000        0x0 binaries/create.o
 .note.GNU-stack
                0x0000000000000000        0x0 binaries/early_imr.o
 .note.GNU-stack
                0x0000000000000000        0x0 binaries/evec.o
 .note.GNU-stack
                0x0000000000000000        0x0 binaries/frame.o
 .note.GNU-stack
                0x0000000000000000        0x0 binaries/freebuf.o
 .note.GNU-stack
                0x0000000000000000        0x0 binaries/freemem.o
 .note.GNU-stack
                0x0000000000000000        0x0 binaries/get_faults.o
 .note.GNU-stack
                0x0000000000000000        0x0 binaries/getbuf.o
 .note.GNU-stack
                0x0000000000000000        0x0 binaries/getc.o
 .note.GNU-stack
                0x0000000000000000        0x0 binaries/getdev.o
 .note.GNU-stack
                0x0000000000000000        0x0 binaries/getitem.o
 .note.GNU-stack
                0x0000000000000000        0x0 binaries/getmem.o
 .note.GNU-stack
                0x0000000000000000        0x0 binaries/getpid.o
 .note.GNU-stack
                0x0000000000000000        0x0 binaries/getprio.o
 .note.GNU-stack
                0x0000000000000000        0x0 binaries/getstk.o
 .note.GNU-stack
                0x0000000000000000        0x0 binaries/gettime.o
 .note.GNU-stack
                0x0000000000000000        0x0 binaries/getutime.o
 .note.GNU-stack
                0x0000000000000000        0x0 binaries/hooks.o
 .note.GNU-stack
                0x0000000000000000        0x0 binaries/init.o
 .note.GNU-stack
                0x0000000000000000        0x0 binaries/initialize.o
 .note.GNU-stack
                0x0000000000000000        0x0 binaries/insert.o
 .note.GNU-stack
                0x0000000000000000        0x0 binaries/insertd.o
 .note.GNU-stack
                0x0000000000000000        0x0 binaries/ioerr.o
 .note.GNU-stack
                0x0000000000000000        0x0 binaries/ionull.o
 .note.GNU-stack
                0x0000000000000000        0x0 binaries/kill.o
 .note.GNU-stack
                0x0000000000000000        0x0 binaries/kprintf.o
 .note.GNU-stack
                0x0000000000000000        0x0 binaries/main.o
 .note.GNU-stack
                0x0000000000000000        0x0 binaries/mark.o
 .note.GNU-stack
                0x0000000000000000        0x0 binaries/meminit.o
 .note.GNU-stack
                0x0000000000000000        0x0 binaries/mkbufpool.o
 .note.GNU-stack
                0x0000000000000000        0x0 binaries/newqueue.o
 .note.GNU-stack
                0x0000000000000000        0x0 binaries/open.o
 .note.GNU-stack
                0x0000000000000000        0x0 binaries/page_directory.o
 .note.GNU-stack
                0x0000000000000000        0x0 binaries/page_table.o
 .note.GNU-stack
                0x0000000000000000        0x0 binaries/pagefault_handler.o
 .note.GNU-stack
                0x0000000000000000        0x0 binaries/panic.o
 .note.GNU-stack
                0x0000000000000000        0x0 binaries/pci.o
 .note.GNU-stack
                0x0000000000000000        0x0 binaries/platinit.o
 .note.GNU-stack
                0x0000000000000000        0x0 binaries/ptclear.o
 .note.GNU-stack
                0x0000000000000000        0x0 binaries/ptcount.o
 .note.GNU-stack
                0x0000000000000000        0x0 binaries/ptcreate.o
 .note.GNU-stack
                0x0000000000000000        0x0 binaries/ptdelete.o
 .note.GNU-stack
                0x0000000000000000        0x0 binaries/ptinit.o
 .note.GNU-stack
                0x0000000000000000        0x0 binaries/ptrecv.o
 .note.GNU-stack
                0x0000000000000000        0x0 binaries/ptreset.o
 .note.GNU-stack
                0x0000000000000000        0x0 binaries/ptsend.o
 .note.GNU-stack
                0x0000000000000000        0x0 binaries/putc.o
 .note.GNU-stack
                0x0000000000000000        0x0 binaries/quark_irq.o
 .note.GNU-stack
                0x0000000000000000        0x0 binaries/quark_pdat.o
 .note.GNU-stack
                0x0000000000000000        0x0 binaries/queue.o
 .note.GNU-stack
                0x0000000000000000        0x0 binaries/read.o
 .note.GNU-stack
                0x0000000000000000        0x0 binaries/ready.o
 .note.GNU-stack
                0x0000000000000000        0x0 binaries/receive.o
 .note.GNU-stack
                0x0000000000000000        0x0 binaries/recvclr.o
 .note.GNU-stack
                0x0000000000000000        0x0 binaries/recvtime.o
 .note.GNU-stack
                0x0000000000000000        0x0 binaries/resched.o
 .note.GNU-stack
                0x0000000000000000        0x0 binaries/resume.o
 .note.GNU-stack
                0x0000000000000000        0x0 binaries/seek.o
 .note.GNU-stack
                0x0000000000000000        0x0 binaries/semcount.o
 .note.GNU-stack
                0x0000000000000000        0x0 binaries/semcreate.o
 .note.GNU-stack
                0x0000000000000000        0x0 binaries/semdelete.o
 .note.GNU-stack
                0x0000000000000000        0x0 binaries/semreset.o
 .note.GNU-stack
                0x0000000000000000        0x0 binaries/send.o
 .note.GNU-stack
                0x0000000000000000        0x0 binaries/signal.o
 .note.GNU-stack
                0x0000000000000000        0x0 binaries/signaln.o
 .note.GNU-stack
                0x0000000000000000        0x0 binaries/sleep.o
 .note.GNU-stack
                0x0000000000000000        0x0 binaries/srpolicy.o
 .note.GNU-stack
                0x0000000000000000        0x0 binaries/stacktrace.o
 .note.GNU-stack
                0x0000000000000000        0x0 binaries/suspend.o
 .note.GNU-stack
                0x0000000000000000        0x0 binaries/unsleep.o
 .note.GNU-stack
                0x0000000000000000        0x0 binaries/userret.o
 .note.GNU-stack
                0x0000000000000000        0x0 binaries/vcreate.o
 .note.GNU-stack
                0x0000000000000000        0x0 binaries/vfreemem.o
 .note.GNU-stack
                0x0000000000000000        0x0 binaries/vgetmem.o
 .note.GNU-stack
                0x0000000000000000        0x0 binaries/wait.o
 .note.GNU-stack
                0x0000000000000000        0x0 binaries/wakeup.o
 .note.GNU-stack
                0x0000000000000000        0x0 binaries/write.o
 .note.GNU-stack
                0x0000000000000000        0x0 binaries/xdone.o
 .note.GNU-stack
                0x0000000000000000        0x0 binaries/yield.o
 .note.GNU-stack
                0x0000000000000000        0x0 binaries/abs.o
 .note.GNU-stack
                0x0000000000000000        0x0 binaries/atoi.o
 .note.GNU-stack
                0x0000000000000000        0x0 binaries/atol.o
 .note.GNU-stack
                0x0000000000000000        0x0 binaries/bzero.o
 .note.GNU-stack
                0x0000000000000000        0x0 binaries/ctype_.o
 .note.GNU-stack
                0x0000000000000000        0x0 binaries/doprnt.o
 .note.GNU-stack
                0x0000000000000000        0x0 binaries/doscan.o
 .note.GNU-stack
                0x0000000000000000        0x0 binaries/fdoprnt.o
 .note.GNU-stack
                0x0000000000000000        0x0 binaries/fgetc.o
 .note.GNU-stack
                0x0000000000000000        0x0 binaries/fgets.o
 .note.GNU-stack
                0x0000000000000000        0x0 binaries/fprintf.o
 .note.GNU-stack
                0x0000000000000000        0x0 binaries/fputc.o
 .note.GNU-stack
                0x0000000000000000        0x0 binaries/fputs.o
 .note.GNU-stack
                0x0000000000000000        0x0 binaries/fscanf.o
 .note.GNU-stack
                0x0000000000000000        0x0 binaries/getchar.o
 .note.GNU-stack
                0x0000000000000000        0x0 binaries/labs.o
 .note.GNU-stack
                0x0000000000000000        0x0 binaries/memchr.o
 .note.GNU-stack
                0x0000000000000000        0x0 binaries/memcmp.o
 .note.GNU-stack
                0x0000000000000000        0x0 binaries/memcpy.o
 .note.GNU-stack
                0x0000000000000000        0x0 binaries/memset.o
 .note.GNU-stack
                0x0000000000000000        0x0 binaries/printf.o
 .note.GNU-stack
                0x0000000000000000        0x0 binaries/putchar.o
 .note.GNU-stack
                0x0000000000000000        0x0 binaries/qsort.o
 .note.GNU-stack
                0x0000000000000000        0x0 binaries/rand.o
 .note.GNU-stack
                0x0000000000000000        0x0 binaries/sprintf.o
 .note.GNU-stack
                0x0000000000000000        0x0 binaries/sscanf.o
 .note.GNU-stack
                0x0000000000000000        0x0 binaries/strchr.o
 .note.GNU-stack
                0x0000000000000000        0x0 binaries/strcmp.o
 .note.GNU-stack
                0x0000000000000000        0x0 binaries/strcpy.o
 .note.GNU-stack
                0x0000000000000000        0x0 binaries/strlen.o
 .note.GNU-stack
                0x0000000000000000        0x0 binaries/strncat.o
 .note.GNU-stack
                0x0000000000000000        0x0 binaries/strncmp.o
 .note.GNU-stack
                0x0000000000000000        0x0 binaries/strncpy.o
 .note.GNU-stack
                0x0000000000000000        0x0 binaries/strnlen.o
 .note.GNU-stack
                0x0000000000000000        0x0 binaries/strrchr.o
 .note.GNU-stack
                0x0000000000000000        0x0 binaries/strstr.o
 .note.GNU-stack
                0x0000000000000000        0x0 binaries/ttycontrol.o
 .note.GNU-stack
                0x0000000000000000        0x0 binaries/ttygetc.o
 .note.GNU-stack
                0x0000000000000000        0x0 binaries/ttyhandle_in.o
 .note.GNU-stack
                0x0000000000000000        0x0 binaries/ttyhandle_out.o
 .note.GNU-stack
                0x0000000000000000        0x0 binaries/ttyhandler.o
 .note.GNU-stack
                0x0000000000000000        0x0 binaries/ttyinit.o
 .note.GNU-stack
                0x0000000000000000        0x0 binaries/ttykickout.o
 .note.GNU-stack
                0x0000000000000000        0x0 binaries/ttyputc.o
 .note.GNU-stack
                0x0000000000000000        0x0 binaries/ttyread.o
 .note.GNU-stack
                0x0000000000000000        0x0 binaries/ttywrite.o
 .note.GNU-stack
                0x0000000000000000        0x0 binaries/mount.o
 .note.GNU-stack
                0x0000000000000000        0x0 binaries/naminit.o
 .note.GNU-stack
                0x0000000000000000        0x0 binaries/nammap.o
 .note.GNU-stack
                0x0000000000000000        0x0 binaries/namopen.o
 .note.GNU-stack
                0x0000000000000000        0x0 binaries/colon2mac.o
 .note.GNU-stack
                0x0000000000000000        0x0 binaries/ethcontrol.o
 .note.GNU-stack
                0x0000000000000000        0x0 binaries/ethhandler.o
 .note.GNU-stack
                0x0000000000000000        0x0 binaries/ethinit.o
 .note.GNU-stack
                0x0000000000000000        0x0 binaries/ethmcast.o
 .note.GNU-stack
                0x0000000000000000        0x0 binaries/ethread.o
 .note.GNU-stack
                0x0000000000000000        0x0 binaries/ethwrite.o
 .note.GNU-stack
                0x0000000000000000        0x0 binaries/rdsbufalloc.o
 .note.GNU-stack
                0x0000000000000000        0x0 binaries/rdsclose.o
 .note.GNU-stack
                0x0000000000000000        0x0 binaries/rdscomm.o
 .note.GNU-stack
                0x0000000000000000        0x0 binaries/rdscontrol.o
 .note.GNU-stack
                0x0000000000000000        0x0 binaries/rdsinit.o
 .note.GNU-stack
                0x0000000000000000        0x0 binaries/rdsopen.o
 .note.GNU-stack
                0x0000000000000000        0x0 binaries/rdsprocess.o
 .note.GNU-stack
                0x0000000000000000        0x0 binaries/rdsread.o
 .note.GNU-stack
                0x0000000000000000        0x0 binaries/rdswrite.o
 .note.GNU-stack
                0x0000000000000000        0x0 binaries/ramclose.o
 .note.GNU-stack
                0x0000000000000000        0x0 binaries/raminit.o
 .note.GNU-stack
                0x0000000000000000        0x0 binaries/ramopen.o
 .note.GNU-stack
                0x0000000000000000        0x0 binaries/ramread.o
 .note.GNU-stack
                0x0000000000000000        0x0 binaries/ramwrite.o
 .note.GNU-stack
                0x0000000000000000        0x0 binaries/lfdballoc.o
 .note.GNU-stack
                0x0000000000000000        0x0 binaries/lfdbfree.o
 .note.GNU-stack
                0x0000000000000000        0x0 binaries/lfflush.o
 .note.GNU-stack
                0x0000000000000000        0x0 binaries/lfgetmode.o
 .note.GNU-stack
                0x0000000000000000        0x0 binaries/lfiballoc.o
 .note.GNU-stack
                0x0000000000000000        0x0 binaries/lfibclear.o
 .note.GNU-stack
                0x0000000000000000        0x0 binaries/lfibget.o
 .note.GNU-stack
                0x0000000000000000        0x0 binaries/lfibput.o
 .note.GNU-stack
                0x0000000000000000        0x0 binaries/lflclose.o
 .note.GNU-stack
                0x0000000000000000        0x0 binaries/lflcontrol.o
 .note.GNU-stack
                0x0000000000000000        0x0 binaries/lflgetc.o
 .note.GNU-stack
                0x0000000000000000        0x0 binaries/lflinit.o
 .note.GNU-stack
                0x0000000000000000        0x0 binaries/lflputc.o
 .note.GNU-stack
                0x0000000000000000        0x0 binaries/lflread.o
 .note.GNU-stack
                0x0000000000000000        0x0 binaries/lflseek.o
 .note.GNU-stack
                0x0000000000000000        0x0 binaries/lflwrite.o
 .note.GNU-stack
                0x0000000000000000        0x0 binaries/lfsckfmt.o
 .note.GNU-stack
                0x0000000000000000        0x0 binaries/lfscreate.o
 .note.GNU-stack
                0x0000000000000000        0x0 binaries/lfsetup.o
 .note.GNU-stack
                0x0000000000000000        0x0 binaries/lfsinit.o
 .note.GNU-stack
                0x0000000000000000        0x0 binaries/lfsopen.o
 .note.GNU-stack
                0x0000000000000000        0x0 binaries/lftruncate.o
 .note.GNU-stack
                0x0000000000000000        0x0 binaries/rflclose.o
 .note.GNU-stack
                0x0000000000000000        0x0 binaries/rflgetc.o
 .note.GNU-stack
                0x0000000000000000        0x0 binaries/rflinit.o
 .note.GNU-stack
                0x0000000000000000        0x0 binaries/rflputc.o
 .note.GNU-stack
                0x0000000000000000        0x0 binaries/rflread.o
 .note.GNU-stack
                0x0000000000000000        0x0 binaries/rflseek.o
 .note.GNU-stack
                0x0000000000000000        0x0 binaries/rflwrite.o
 .note.GNU-stack
                0x0000000000000000        0x0 binaries/rfscomm.o
 .note.GNU-stack
                0x0000000000000000        0x0 binaries/rfscontrol.o
 .note.GNU-stack
                0x0000000000000000        0x0 binaries/rfsgetmode.o
 .note.GNU-stack
                0x0000000000000000        0x0 binaries/rfsinit.o
 .note.GNU-stack
                0x0000000000000000        0x0 binaries/rfsndmsg.o
 .note.GNU-stack
                0x0000000000000000        0x0 binaries/rfsopen.o
 .note.GNU-stack
                0x0000000000000000        0x0 binaries/arp.o
 .note.GNU-stack
                0x0000000000000000        0x0 binaries/dhcp.o
 .note.GNU-stack
                0x0000000000000000        0x0 binaries/dot2ip.o
 .note.GNU-stack
                0x0000000000000000        0x0 binaries/hexdump.o
 .note.GNU-stack
                0x0000000000000000        0x0 binaries/icmp.o
 .note.GNU-stack
                0x0000000000000000        0x0 binaries/ip.o
 .note.GNU-stack
                0x0000000000000000        0x0 binaries/net.o
 .note.GNU-stack
                0x0000000000000000        0x0 binaries/netstart.o
 .note.GNU-stack
                0x0000000000000000        0x0 binaries/pdump.o
 .note.GNU-stack
                0x0000000000000000        0x0 binaries/tftp.o
 .note.GNU-stack
                0x0000000000000000        0x0 binaries/udp.o
 .note.GNU-stack
                0x0000000000000000        0x0 binaries/addargs.o
 .note.GNU-stack
                0x0000000000000000        0x0 binaries/lexan.o
 .note.GNU-stack
                0x0000000000000000        0x0 binaries/shell.o
 .note.GNU-stack
                0x0000000000000000        0x0 binaries/xsh_argecho.o
 .note.GNU-stack
                0x0000000000000000        0x0 binaries/xsh_arp.o
 .note.GNU-stack
                0x0000000000000000        0x0 binaries/xsh_cat.o
 .note.GNU-stack
                0x0000000000000000        0x0 binaries/xsh_clear.o
 .note.GNU-stack
                0x0000000000000000        0x0 binaries/xsh_date.o
 .note.GNU-stack
                0x0000000000000000        0x0 binaries/xsh_devdump.o
 .note.GNU-stack
                0x0000000000000000        0x0 binaries/xsh_echo.o
 .note.GNU-stack
                0x0000000000000000        0x0 binaries/xsh_exit.o
 .note.GNU-stack
                0x0000000000000000        0x0 binaries/xsh_help.o
 .note.GNU-stack
                0x0000000000000000        0x0 binaries/xsh_ipaddr.o
 .note.GNU-stack
                0x0000000000000000        0x0 binaries/xsh_kill.o
 .note.GNU-stack
                0x0000000000000000        0x0 binaries/xsh_memdump.o
 .note.GNU-stack
                0x0000000000000000        0x0 binaries/xsh_memstat.o
 .note.GNU-stack
                0x0000000000000000        0x0 binaries/xsh_ping.o
 .note.GNU-stack
                0x0000000000000000        0x0 binaries/xsh_ps.o
 .note.GNU-stack
                0x0000000000000000        0x0 binaries/xsh_sleep.o
 .note.GNU-stack
                0x0000000000000000        0x0 binaries/xsh_udpdump.o
 .note.GNU-stack
                0x0000000000000000        0x0 binaries/xsh_udpecho.o
 .note.GNU-stack
                0x0000000000000000        0x0 binaries/xsh_udpeserver.o
 .note.GNU-stack
                0x0000000000000000        0x0 binaries/xsh_uptime.o
 .note.GNU-stack
                0x0000000000000000        0x0 binaries/allocate_bs.o
 .note.GNU-stack
                0x0000000000000000        0x0 binaries/close_bs.o
 .note.GNU-stack
                0x0000000000000000        0x0 binaries/deallocate_bs.o
 .note.GNU-stack
                0x0000000000000000        0x0 binaries/get_bs.o
 .note.GNU-stack
                0x0000000000000000        0x0 binaries/open_bs.o
 .note.GNU-stack
                0x0000000000000000        0x0 binaries/psinit.o
 .note.GNU-stack
                0x0000000000000000        0x0 binaries/read_bs.o
 .note.GNU-stack
                0x0000000000000000        0x0 binaries/registers.o
 .note.GNU-stack
                0x0000000000000000        0x0 binaries/release_bs.o
 .note.GNU-stack
                0x0000000000000000        0x0 binaries/write_bs.o
